Archive member included because of file (symbol)

irq/irq_code.a(irq_timer1.o)  testLedMatrix.o (zeroTimer)
./startup/libea_startup_thumb.a(framework.o)
                              main.o (eaInit)
./startup/libea_startup_thumb.a(startup.o)
                              (_startup)
./startup/libea_startup_thumb.a(consol.o)
                              ./startup/libea_startup_thumb.a(framework.o) (consolInit)
./pre_emptive_os/pre_emptive_os.a(kernel.o)
                              main.o (osInit)
./pre_emptive_os/pre_emptive_os.a(prioqueue.o)
                              ./pre_emptive_os/pre_emptive_os.a(kernel.o) (initPrioQueue)
./pre_emptive_os/pre_emptive_os.a(timer.o)
                              ./pre_emptive_os/pre_emptive_os.a(kernel.o) (timerTick)
./pre_emptive_os/pre_emptive_os.a(stack_usage.o)
                              ./pre_emptive_os/pre_emptive_os.a(kernel.o) (createStackPattern)
./pre_emptive_os/pre_emptive_os.a(a7hal.o)
                              ./pre_emptive_os/pre_emptive_os.a(kernel.o) (stkFrameInit_oshal)
./pre_emptive_os/pre_emptive_os.a(a7hal_a.o)
                              ./pre_emptive_os/pre_emptive_os.a(kernel.o) (startHighProc_oshal)
./pre_emptive_os/pre_emptive_os.a(count_sem.o)
                              ./pre_emptive_os/pre_emptive_os.a(timer.o) (osSemInit)
./pre_emptive_os/pre_emptive_os.a(event.o)
                              ./pre_emptive_os/pre_emptive_os.a(count_sem.o) (eventInit)
/cygdrive/c/Embedded/GNUARM/bin/../lib/gcc/arm-elf/4.1.1/interwork/libgcc.a(_udivsi3.o)
                              testLcd.o (__udivsi3)
/cygdrive/c/Embedded/GNUARM/bin/../lib/gcc/arm-elf/4.1.1/interwork/libgcc.a(_divsi3.o)
                              ./pre_emptive_os/pre_emptive_os.a(stack_usage.o) (__divsi3)
/cygdrive/c/Embedded/GNUARM/bin/../lib/gcc/arm-elf/4.1.1/interwork/libgcc.a(_umodsi3.o)
                              testLcd.o (__umodsi3)
/cygdrive/c/Embedded/GNUARM/bin/../lib/gcc/arm-elf/4.1.1/interwork/libgcc.a(_dvmd_tls.o)
                              /cygdrive/c/Embedded/GNUARM/bin/../lib/gcc/arm-elf/4.1.1/interwork/libgcc.a(_udivsi3.o) (__div0)
/cygdrive/c/Embedded/GNUARM/bin/../lib/gcc/arm-elf/4.1.1/interwork/libgcc.a(_call_via_rX.o)
                              ./pre_emptive_os/pre_emptive_os.a(timer.o) (_call_via_r4)
/cygdrive/c/Embedded/GNUARM/bin/../lib/gcc/arm-elf/4.1.1/../../../../arm-elf/lib/interwork/libc.a(atoi.o)
                              ./startup/libea_startup_thumb.a(consol.o) (atoi)
/cygdrive/c/Embedded/GNUARM/bin/../lib/gcc/arm-elf/4.1.1/../../../../arm-elf/lib/interwork/libc.a(memcpy.o)
                              testLedMatrix.o (memcpy)
/cygdrive/c/Embedded/GNUARM/bin/../lib/gcc/arm-elf/4.1.1/../../../../arm-elf/lib/interwork/libc.a(strlen.o)
                              ./startup/libea_startup_thumb.a(consol.o) (strlen)
/cygdrive/c/Embedded/GNUARM/bin/../lib/gcc/arm-elf/4.1.1/../../../../arm-elf/lib/interwork/libc.a(strtol.o)
                              /cygdrive/c/Embedded/GNUARM/bin/../lib/gcc/arm-elf/4.1.1/../../../../arm-elf/lib/interwork/libc.a(atoi.o) (_strtol_r)
/cygdrive/c/Embedded/GNUARM/bin/../lib/gcc/arm-elf/4.1.1/../../../../arm-elf/lib/interwork/libc.a(ctype_.o)
                              /cygdrive/c/Embedded/GNUARM/bin/../lib/gcc/arm-elf/4.1.1/../../../../arm-elf/lib/interwork/libc.a(strtol.o) (__ctype_ptr)
/cygdrive/c/Embedded/GNUARM/bin/../lib/gcc/arm-elf/4.1.1/../../../../arm-elf/lib/interwork/libc.a(impure.o)
                              /cygdrive/c/Embedded/GNUARM/bin/../lib/gcc/arm-elf/4.1.1/../../../../arm-elf/lib/interwork/libc.a(strtol.o) (_impure_ptr)

Allocating common symbols
Common symbol       size              file

pHeapEnd            0x4               ./startup/libea_startup_thumb.a(framework.o)
pHeapStart          0x4               ./startup/libea_startup_thumb.a(framework.o)
processControlBlocks
                    0xf0              ./pre_emptive_os/pre_emptive_os.a(kernel.o)

Discarded input sections

 .stabstr       0x00000000        0x0 ./startup/libea_startup_thumb.a(startup.o)
 .stabstr       0x00000000        0x0 ./pre_emptive_os/pre_emptive_os.a(a7hal_a.o)

Memory Configuration

Name             Origin             Length             Attributes
FLASH            0x00000000         0x00080000         xr
RAM              0x40000000         0x00008000         rw
*default*        0x00000000         0xffffffff

Linker script and memory map

LOAD main.o
LOAD testLedMatrix.o
LOAD testLcd.o
LOAD testMotor.o
LOAD testRGB.o
LOAD startupSound.o
LOAD irq/irq_code.a
LOAD ./startup/libea_startup_thumb.a
LOAD ./pre_emptive_os/pre_emptive_os.a
START GROUP
LOAD /cygdrive/c/Embedded/GNUARM/bin/../lib/gcc/arm-elf/4.1.1/interwork/libgcc.a
LOAD /cygdrive/c/Embedded/GNUARM/bin/../lib/gcc/arm-elf/4.1.1/../../../../arm-elf/lib/interwork/libc.a
END GROUP

.text           0x00000000     0x2ee4
 *startup.o(.text)
 .text          0x00000000      0x1d8 ./startup/libea_startup_thumb.a(startup.o)
                0x00000000                _startup
 *(.text)
 .text          0x000001d8      0x1fc main.o
                0x000001d8                appTick
                0x00000310                main
 .text          0x000003d4      0x29c testLedMatrix.o
                0x000003d4                displayArrow
                0x00000428                testLedMatrix
 .text          0x00000670      0x59c testLcd.o
                0x000008f0                lcdShowWin
                0x00000a0c                lcdShowBadResult
                0x0000098c                lcdShowLose
                0x00000a8c                lcdShowNewGame
                0x00000af4                lcdShowResult
 .text          0x00000c0c       0x8c testMotor.o
                0x00000c0c                testMotor
 .text          0x00000c98      0x2ec testRGB.o
                0x00000d30                greenRGB
                0x00000dcc                blueRGB
                0x00000d00                blackoutRGB
                0x00000f04                testRGB
                0x00000c98                initializeRGB
                0x00000e68                redRGB
 .text          0x00000f84        0x0 startupSound.o
 .text          0x00000f84      0x14c irq/irq_code.a(irq_timer1.o)
                0x00000f84                send_SPI
                0x0000102c                ledMatrix
                0x00001018                zeroTimer
 .text          0x000010d0      0x2c0 ./startup/libea_startup_thumb.a(framework.o)
                0x000011fc                eaInit
                0x00001148                lowLevelInit
                0x000010d0                exceptionHandlerInit
 .text          0x00001390      0x67c ./startup/libea_startup_thumb.a(consol.o)
                0x00001848                consolGetIntNum
                0x00001484                consolSendCh
                0x00001650                consolGetString
                0x000014f4                consolSendNumber
                0x0000160c                consolGetCh
                0x00001464                consolSendChar
                0x000016c8                simplePrintf
                0x000014c8                consolSendString
                0x00001928                consolScanf
                0x0000162c                consolGetChar
                0x00001414                consolInit
 .text          0x00001a0c      0x4f8 ./pre_emptive_os/pre_emptive_os.a(kernel.o)
                0x00001d88                osTick
                0x00001e4c                rmvFromRdyList
                0x00001ba8                osGetHighPrioProc
                0x00001e68                osSuspend
                0x00001abc                osInit
                0x00001e9c                osDeleteProcess
                0x00001ae8                osISREnter
                0x00001bc4                schedule
                0x00001b0c                osCreateProcess
                0x00001d08                addToRdyList
                0x00001a58                addToTimeList
                0x00001d1c                osResume
                0x00001a0c                osPid
                0x00001ecc                osSleep
                0x00001c30                osISRExit
                0x00001c98                osStart
                0x00001cc4                rmvFromTimeList
                0x00001de4                osStartProcess
 .text          0x00001f04      0x124 ./pre_emptive_os/pre_emptive_os.a(prioqueue.o)
                0x00001f04                initPrioQueue
                0x00001f6c                rmvFromPrioQueue
                0x00001f24                addToPrioQueue
                0x00002008                isEmptyPrioQueue
                0x00001fd0                getHighPrioQueue
 .text          0x00002028      0x218 ./pre_emptive_os/pre_emptive_os.a(timer.o)
                0x00002028                timerTick
                0x0000219c                osInitTimers
                0x00002138                osDeleteTimer
                0x0000210c                osCreateTimer
 .text          0x00002240       0xa4 ./pre_emptive_os/pre_emptive_os.a(stack_usage.o)
                0x00002240                osStackUsage
                0x00002284                createStackPattern
                0x000022a4                checkStackLimit
 .text          0x000022e4      0x1ec ./pre_emptive_os/pre_emptive_os.a(a7hal.o)
                0x0000231c                stkFrameInit_oshal
                0x000022e4                timerIsr_oshal
                0x000023fc                halRestoreInterrupts_oshal
                0x00002404                initTimer_oshal
                0x000023ec                halEnableInterrupts_oshal
                0x0000249c                handleIRQs_oshal
                0x000023cc                halDisableInterrupts_oshal
 .text          0x000024d0       0xc4 ./pre_emptive_os/pre_emptive_os.a(a7hal_a.o)
                0x000024dc                startHighProc_oshal
                0x00002504                ctxSwitchIsr_oshal
                0x000024e4                ctxSwitch_oshal
                0x00002524                generalIRQ_oshal
 .text          0x00002594      0x144 ./pre_emptive_os/pre_emptive_os.a(count_sem.o)
                0x00002634                osSemGive
                0x00002698                osSemTryTake
                0x00002594                osSemInit
                0x000025a8                osSemTake
 .text          0x000026d8       0xd8 ./pre_emptive_os/pre_emptive_os.a(event.o)
                0x000026e8                eventWait
                0x000026d8                eventInit
                0x00002750                eventIsEmpty
                0x00002720                eventWaitReturn
                0x00002760                eventSignal
 .text          0x000027b0      0x114 /cygdrive/c/Embedded/GNUARM/bin/../lib/gcc/arm-elf/4.1.1/interwork/libgcc.a(_udivsi3.o)
                0x000027b0                __udivsi3
                0x000027b0                __aeabi_uidiv
                0x000028ac                __aeabi_uidivmod
 .text          0x000028c4      0x144 /cygdrive/c/Embedded/GNUARM/bin/../lib/gcc/arm-elf/4.1.1/interwork/libgcc.a(_divsi3.o)
                0x000028c4                __aeabi_idiv
                0x000028c4                __divsi3
                0x000029f0                __aeabi_idivmod
 .text          0x00002a08       0xd0 /cygdrive/c/Embedded/GNUARM/bin/../lib/gcc/arm-elf/4.1.1/interwork/libgcc.a(_umodsi3.o)
                0x00002a08                __umodsi3
 .text          0x00002ad8        0x4 /cygdrive/c/Embedded/GNUARM/bin/../lib/gcc/arm-elf/4.1.1/interwork/libgcc.a(_dvmd_tls.o)
                0x00002ad8                __aeabi_ldiv0
                0x00002ad8                __div0
                0x00002ad8                __aeabi_idiv0
 .text          0x00002adc       0x3c /cygdrive/c/Embedded/GNUARM/bin/../lib/gcc/arm-elf/4.1.1/interwork/libgcc.a(_call_via_rX.o)
                0x00002ae4                _call_via_r2
                0x00002af4                _call_via_r6
                0x00002af0                _call_via_r5
                0x00002ae8                _call_via_r3
                0x00002b08                _call_via_fp
                0x00002afc                _call_via_r8
                0x00002af8                _call_via_r7
                0x00002adc                _call_via_r0
                0x00002b04                _call_via_sl
                0x00002b10                _call_via_sp
                0x00002b00                _call_via_r9
                0x00002aec                _call_via_r4
                0x00002ae0                _call_via_r1
                0x00002b0c                _call_via_ip
                0x00002b14                _call_via_lr
 .text          0x00002b18       0x30 /cygdrive/c/Embedded/GNUARM/bin/../lib/gcc/arm-elf/4.1.1/../../../../arm-elf/lib/interwork/libc.a(atoi.o)
                0x00002b18                _atoi_r
                0x00002b30                atoi
 .text          0x00002b48       0x9c /cygdrive/c/Embedded/GNUARM/bin/../lib/gcc/arm-elf/4.1.1/../../../../arm-elf/lib/interwork/libc.a(memcpy.o)
                0x00002b48                memcpy
 .text          0x00002be4       0x90 /cygdrive/c/Embedded/GNUARM/bin/../lib/gcc/arm-elf/4.1.1/../../../../arm-elf/lib/interwork/libc.a(strlen.o)
                0x00002be4                strlen
 .text          0x00002c74      0x1f0 /cygdrive/c/Embedded/GNUARM/bin/../lib/gcc/arm-elf/4.1.1/../../../../arm-elf/lib/interwork/libc.a(strtol.o)
                0x00002e38                strtol
                0x00002c74                _strtol_r
 .text          0x00002e64        0x0 /cygdrive/c/Embedded/GNUARM/bin/../lib/gcc/arm-elf/4.1.1/../../../../arm-elf/lib/interwork/libc.a(ctype_.o)
 .text          0x00002e64        0x0 /cygdrive/c/Embedded/GNUARM/bin/../lib/gcc/arm-elf/4.1.1/../../../../arm-elf/lib/interwork/libc.a(impure.o)
 *(.glue_7)
 .glue_7        0x00002e64        0x0 main.o
 .glue_7        0x00002e64        0x0 testLedMatrix.o
 .glue_7        0x00002e64        0x0 testLcd.o
 .glue_7        0x00002e64        0x0 testMotor.o
 .glue_7        0x00002e64        0x0 testRGB.o
 .glue_7        0x00002e64        0x0 startupSound.o
 .glue_7        0x00002e64        0x0 irq/irq_code.a(irq_timer1.o)
 .glue_7        0x00002e64        0x0 ./startup/libea_startup_thumb.a(framework.o)
 .glue_7        0x00002e64        0x0 ./startup/libea_startup_thumb.a(startup.o)
 .glue_7        0x00002e64        0x0 ./startup/libea_startup_thumb.a(consol.o)
 .glue_7        0x00002e64        0x0 ./pre_emptive_os/pre_emptive_os.a(kernel.o)
 .glue_7        0x00002e64        0x0 ./pre_emptive_os/pre_emptive_os.a(prioqueue.o)
 .glue_7        0x00002e64        0x0 ./pre_emptive_os/pre_emptive_os.a(timer.o)
 .glue_7        0x00002e64        0x0 ./pre_emptive_os/pre_emptive_os.a(stack_usage.o)
 .glue_7        0x00002e64        0x0 ./pre_emptive_os/pre_emptive_os.a(a7hal.o)
 .glue_7        0x00002e64        0x0 ./pre_emptive_os/pre_emptive_os.a(a7hal_a.o)
 .glue_7        0x00002e64        0x0 ./pre_emptive_os/pre_emptive_os.a(count_sem.o)
 .glue_7        0x00002e64        0x0 ./pre_emptive_os/pre_emptive_os.a(event.o)
 .glue_7        0x00002e64        0x0 /cygdrive/c/Embedded/GNUARM/bin/../lib/gcc/arm-elf/4.1.1/interwork/libgcc.a(_udivsi3.o)
 .glue_7        0x00002e64        0x0 /cygdrive/c/Embedded/GNUARM/bin/../lib/gcc/arm-elf/4.1.1/interwork/libgcc.a(_divsi3.o)
 .glue_7        0x00002e64        0x0 /cygdrive/c/Embedded/GNUARM/bin/../lib/gcc/arm-elf/4.1.1/interwork/libgcc.a(_umodsi3.o)
 .glue_7        0x00002e64        0x0 /cygdrive/c/Embedded/GNUARM/bin/../lib/gcc/arm-elf/4.1.1/interwork/libgcc.a(_dvmd_tls.o)
 .glue_7        0x00002e64        0x0 /cygdrive/c/Embedded/GNUARM/bin/../lib/gcc/arm-elf/4.1.1/interwork/libgcc.a(_call_via_rX.o)
 .glue_7        0x00002e64        0x0 /cygdrive/c/Embedded/GNUARM/bin/../lib/gcc/arm-elf/4.1.1/../../../../arm-elf/lib/interwork/libc.a(atoi.o)
 .glue_7        0x00002e64        0x0 /cygdrive/c/Embedded/GNUARM/bin/../lib/gcc/arm-elf/4.1.1/../../../../arm-elf/lib/interwork/libc.a(memcpy.o)
 .glue_7        0x00002e64        0x0 /cygdrive/c/Embedded/GNUARM/bin/../lib/gcc/arm-elf/4.1.1/../../../../arm-elf/lib/interwork/libc.a(strlen.o)
 .glue_7        0x00002e64        0x0 /cygdrive/c/Embedded/GNUARM/bin/../lib/gcc/arm-elf/4.1.1/../../../../arm-elf/lib/interwork/libc.a(strtol.o)
 .glue_7        0x00002e64        0x0 /cygdrive/c/Embedded/GNUARM/bin/../lib/gcc/arm-elf/4.1.1/../../../../arm-elf/lib/interwork/libc.a(ctype_.o)
 .glue_7        0x00002e64       0x18 /cygdrive/c/Embedded/GNUARM/bin/../lib/gcc/arm-elf/4.1.1/../../../../arm-elf/lib/interwork/libc.a(impure.o)
                0x00002e70                __osISRExit_from_arm
                0x00002e64                __osTick_from_arm
 *(.glue_7t)
 .glue_7t       0x00002e7c        0x0 main.o
 .glue_7t       0x00002e7c        0x0 testLedMatrix.o
 .glue_7t       0x00002e7c        0x0 testLcd.o
 .glue_7t       0x00002e7c        0x0 testMotor.o
 .glue_7t       0x00002e7c        0x0 testRGB.o
 .glue_7t       0x00002e7c        0x0 startupSound.o
 .glue_7t       0x00002e7c        0x0 irq/irq_code.a(irq_timer1.o)
 .glue_7t       0x00002e7c        0x0 ./startup/libea_startup_thumb.a(framework.o)
 .glue_7t       0x00002e7c        0x0 ./startup/libea_startup_thumb.a(startup.o)
 .glue_7t       0x00002e7c        0x0 ./startup/libea_startup_thumb.a(consol.o)
 .glue_7t       0x00002e7c        0x0 ./pre_emptive_os/pre_emptive_os.a(kernel.o)
 .glue_7t       0x00002e7c        0x0 ./pre_emptive_os/pre_emptive_os.a(prioqueue.o)
 .glue_7t       0x00002e7c        0x0 ./pre_emptive_os/pre_emptive_os.a(timer.o)
 .glue_7t       0x00002e7c        0x0 ./pre_emptive_os/pre_emptive_os.a(stack_usage.o)
 .glue_7t       0x00002e7c        0x0 ./pre_emptive_os/pre_emptive_os.a(a7hal.o)
 .glue_7t       0x00002e7c        0x0 ./pre_emptive_os/pre_emptive_os.a(a7hal_a.o)
 .glue_7t       0x00002e7c        0x0 ./pre_emptive_os/pre_emptive_os.a(count_sem.o)
 .glue_7t       0x00002e7c        0x0 ./pre_emptive_os/pre_emptive_os.a(event.o)
 .glue_7t       0x00002e7c        0x0 /cygdrive/c/Embedded/GNUARM/bin/../lib/gcc/arm-elf/4.1.1/interwork/libgcc.a(_udivsi3.o)
 .glue_7t       0x00002e7c        0x0 /cygdrive/c/Embedded/GNUARM/bin/../lib/gcc/arm-elf/4.1.1/interwork/libgcc.a(_divsi3.o)
 .glue_7t       0x00002e7c        0x0 /cygdrive/c/Embedded/GNUARM/bin/../lib/gcc/arm-elf/4.1.1/interwork/libgcc.a(_umodsi3.o)
 .glue_7t       0x00002e7c        0x0 /cygdrive/c/Embedded/GNUARM/bin/../lib/gcc/arm-elf/4.1.1/interwork/libgcc.a(_dvmd_tls.o)
 .glue_7t       0x00002e7c        0x0 /cygdrive/c/Embedded/GNUARM/bin/../lib/gcc/arm-elf/4.1.1/interwork/libgcc.a(_call_via_rX.o)
 .glue_7t       0x00002e7c        0x0 /cygdrive/c/Embedded/GNUARM/bin/../lib/gcc/arm-elf/4.1.1/../../../../arm-elf/lib/interwork/libc.a(atoi.o)
 .glue_7t       0x00002e7c        0x0 /cygdrive/c/Embedded/GNUARM/bin/../lib/gcc/arm-elf/4.1.1/../../../../arm-elf/lib/interwork/libc.a(memcpy.o)
 .glue_7t       0x00002e7c        0x0 /cygdrive/c/Embedded/GNUARM/bin/../lib/gcc/arm-elf/4.1.1/../../../../arm-elf/lib/interwork/libc.a(strlen.o)
 .glue_7t       0x00002e7c        0x0 /cygdrive/c/Embedded/GNUARM/bin/../lib/gcc/arm-elf/4.1.1/../../../../arm-elf/lib/interwork/libc.a(strtol.o)
 .glue_7t       0x00002e7c        0x0 /cygdrive/c/Embedded/GNUARM/bin/../lib/gcc/arm-elf/4.1.1/../../../../arm-elf/lib/interwork/libc.a(ctype_.o)
 .glue_7t       0x00002e7c       0x68 /cygdrive/c/Embedded/GNUARM/bin/../lib/gcc/arm-elf/4.1.1/../../../../arm-elf/lib/interwork/libc.a(impure.o)
                0x00002eac                __halRestoreInterrupts_oshal_from_thumb
                0x00002e8c                __zeroTimer_from_thumb
                0x00002e84                __memcpy_from_thumb
                0x00002ebc                __ctxSwitch_oshal_from_thumb
                0x00002eb8                __stkFrameInit_oshal_change_to_arm
                0x00002ed0                __initTimer_oshal_change_to_arm
                0x00002ed4                __startHighProc_oshal_from_thumb
                0x00002e98                ____umodsi3_change_to_arm
                0x00002ea0                ____udivsi3_change_to_arm
                0x00002ed8                __startHighProc_oshal_change_to_arm
                0x00002ec4                __ctxSwitchIsr_oshal_from_thumb
                0x00002eb0                __halRestoreInterrupts_oshal_change_to_arm
                0x00002e94                ____umodsi3_from_thumb
                0x00002edc                ____divsi3_from_thumb
                0x00002ec0                __ctxSwitch_oshal_change_to_arm
                0x00002eb4                __stkFrameInit_oshal_from_thumb
                0x00002e9c                ____udivsi3_from_thumb
                0x00002e7c                __eaInit_from_thumb
                0x00002ecc                __initTimer_oshal_from_thumb
                0x00002e80                __eaInit_change_to_arm
                0x00002ec8                __ctxSwitchIsr_oshal_change_to_arm
                0x00002ea8                __halDisableInterrupts_oshal_change_to_arm
                0x00002ea4                __halDisableInterrupts_oshal_from_thumb
                0x00002e88                __memcpy_change_to_arm
                0x00002ee0                ____divsi3_change_to_arm
                0x00002e90                __zeroTimer_change_to_arm
                0x00002ee4                . = ALIGN (0x4)

.rodata         0x00002ee4    0x1b284
 *(.rodata)
 .rodata        0x00002ee4       0x10 testMotor.o
 .rodata        0x00002ef4    0x1afa1 startupSound.o
                0x00002ef4                startupSound
 *fill*         0x0001de95        0x3 00
 .rodata        0x0001de98       0x10 ./startup/libea_startup_thumb.a(consol.o)
 .rodata        0x0001dea8      0x101 /cygdrive/c/Embedded/GNUARM/bin/../lib/gcc/arm-elf/4.1.1/../../../../arm-elf/lib/interwork/libc.a(ctype_.o)
                0x0001dea8                _ctype_
 *fill*         0x0001dfa9        0x3 00
 .rodata        0x0001dfac        0x4 /cygdrive/c/Embedded/GNUARM/bin/../lib/gcc/arm-elf/4.1.1/../../../../arm-elf/lib/interwork/libc.a(impure.o)
                0x0001dfac                _global_impure_ptr
 *(.rodata*)
 .rodata.str1.4
                0x0001dfb0       0xc3 testLcd.o
                                 0xc4 (size before relaxing)
 *fill*         0x0001e073        0x1 00
 .rodata.str1.4
                0x0001e074       0xd8 ./startup/libea_startup_thumb.a(framework.o)
 .rodata.str1.4
                0x0001e14c       0x18 ./startup/libea_startup_thumb.a(consol.o)
 .rodata.str1.4
                0x0001e164        0x4 /cygdrive/c/Embedded/GNUARM/bin/../lib/gcc/arm-elf/4.1.1/../../../../arm-elf/lib/interwork/libc.a(impure.o)
                0x0001e168                . = ALIGN (0x4)
                0x0001e168                _etext = .
                0x0001e168                PROVIDE (etext, .)

.data           0x40000080      0x440 load address 0x0001e168
                0x40000080                _data = .
 *(.data)
 .data          0x40000080        0x0 main.o
 .data          0x40000080       0x34 testLedMatrix.o
                0x40000090                up
                0x40000088                right
                0x40000080                left
                0x400000a0                circle
                0x400000a8                win
                0x40000098                down
                0x400000b0                arrowNumber
 .data          0x400000b4        0x0 testLcd.o
 .data          0x400000b4        0x0 testMotor.o
 .data          0x400000b4        0x0 testRGB.o
 .data          0x400000b4        0x0 startupSound.o
 .data          0x400000b4        0x4 irq/irq_code.a(irq_timer1.o)
 .data          0x400000b8        0x0 ./startup/libea_startup_thumb.a(framework.o)
 .data          0x400000b8        0x0 ./startup/libea_startup_thumb.a(startup.o)
 .data          0x400000b8        0x0 ./startup/libea_startup_thumb.a(consol.o)
 .data          0x400000b8        0x0 ./pre_emptive_os/pre_emptive_os.a(kernel.o)
 .data          0x400000b8        0x0 ./pre_emptive_os/pre_emptive_os.a(prioqueue.o)
 .data          0x400000b8        0x0 ./pre_emptive_os/pre_emptive_os.a(timer.o)
 .data          0x400000b8        0x0 ./pre_emptive_os/pre_emptive_os.a(stack_usage.o)
 .data          0x400000b8        0x0 ./pre_emptive_os/pre_emptive_os.a(a7hal.o)
 .data          0x400000b8        0x0 ./pre_emptive_os/pre_emptive_os.a(a7hal_a.o)
 .data          0x400000b8        0x0 ./pre_emptive_os/pre_emptive_os.a(count_sem.o)
 .data          0x400000b8        0x0 ./pre_emptive_os/pre_emptive_os.a(event.o)
 .data          0x400000b8        0x0 /cygdrive/c/Embedded/GNUARM/bin/../lib/gcc/arm-elf/4.1.1/interwork/libgcc.a(_udivsi3.o)
 .data          0x400000b8        0x0 /cygdrive/c/Embedded/GNUARM/bin/../lib/gcc/arm-elf/4.1.1/interwork/libgcc.a(_divsi3.o)
 .data          0x400000b8        0x0 /cygdrive/c/Embedded/GNUARM/bin/../lib/gcc/arm-elf/4.1.1/interwork/libgcc.a(_umodsi3.o)
 .data          0x400000b8        0x0 /cygdrive/c/Embedded/GNUARM/bin/../lib/gcc/arm-elf/4.1.1/interwork/libgcc.a(_dvmd_tls.o)
 .data          0x400000b8        0x0 /cygdrive/c/Embedded/GNUARM/bin/../lib/gcc/arm-elf/4.1.1/interwork/libgcc.a(_call_via_rX.o)
 .data          0x400000b8        0x0 /cygdrive/c/Embedded/GNUARM/bin/../lib/gcc/arm-elf/4.1.1/../../../../arm-elf/lib/interwork/libc.a(atoi.o)
 .data          0x400000b8        0x0 /cygdrive/c/Embedded/GNUARM/bin/../lib/gcc/arm-elf/4.1.1/../../../../arm-elf/lib/interwork/libc.a(memcpy.o)
 .data          0x400000b8        0x0 /cygdrive/c/Embedded/GNUARM/bin/../lib/gcc/arm-elf/4.1.1/../../../../arm-elf/lib/interwork/libc.a(strlen.o)
 .data          0x400000b8        0x0 /cygdrive/c/Embedded/GNUARM/bin/../lib/gcc/arm-elf/4.1.1/../../../../arm-elf/lib/interwork/libc.a(strtol.o)
 .data          0x400000b8        0x4 /cygdrive/c/Embedded/GNUARM/bin/../lib/gcc/arm-elf/4.1.1/../../../../arm-elf/lib/interwork/libc.a(ctype_.o)
                0x400000b8                __ctype_ptr
 .data          0x400000bc      0x404 /cygdrive/c/Embedded/GNUARM/bin/../lib/gcc/arm-elf/4.1.1/../../../../arm-elf/lib/interwork/libc.a(impure.o)
                0x400000bc                _impure_ptr
                0x400004c0                . = ALIGN (0x4)
                0x400004c0                _edata = .
                0x400004c0                PROVIDE (edata, .)

.bss            0x400004c0     0x261c
                0x400004c0                _bss = .
                0x400004c0                __bss_start = .
                0x400004c0                __bss_start__ = .
 *(.bss)
 .bss           0x400004c0     0x2198 main.o
                0x400004c0                msClock
 .bss           0x40002658        0x8 testLedMatrix.o
                0x40002658                pattern
 .bss           0x40002660        0x0 testLcd.o
 .bss           0x40002660        0x1 testMotor.o
 *fill*         0x40002661        0x3 00
 .bss           0x40002664        0x4 testRGB.o
                0x40002664                rgbColor
 .bss           0x40002668        0x0 startupSound.o
 .bss           0x40002668        0x8 irq/irq_code.a(irq_timer1.o)
                0x40002668                Timer
 .bss           0x40002670        0x0 ./startup/libea_startup_thumb.a(framework.o)
 .bss           0x40002670        0x0 ./startup/libea_startup_thumb.a(startup.o)
 .bss           0x40002670        0x0 ./startup/libea_startup_thumb.a(consol.o)
 .bss           0x40002670       0x2c ./pre_emptive_os/pre_emptive_os.a(kernel.o)
                0x40002670                osLockNesting
                0x40002674                pNxtToRun
                0x40002678                pRunProc
                0x40002671                isrNesting
 .bss           0x4000269c        0x0 ./pre_emptive_os/pre_emptive_os.a(prioqueue.o)
 .bss           0x4000269c      0x348 ./pre_emptive_os/pre_emptive_os.a(timer.o)
 .bss           0x400029e4        0x0 ./pre_emptive_os/pre_emptive_os.a(stack_usage.o)
 .bss           0x400029e4        0x0 ./pre_emptive_os/pre_emptive_os.a(a7hal.o)
 .bss           0x400029e4        0x0 ./pre_emptive_os/pre_emptive_os.a(a7hal_a.o)
 .bss           0x400029e4        0x0 ./pre_emptive_os/pre_emptive_os.a(count_sem.o)
 .bss           0x400029e4        0x0 ./pre_emptive_os/pre_emptive_os.a(event.o)
 .bss           0x400029e4        0x0 /cygdrive/c/Embedded/GNUARM/bin/../lib/gcc/arm-elf/4.1.1/interwork/libgcc.a(_udivsi3.o)
 .bss           0x400029e4        0x0 /cygdrive/c/Embedded/GNUARM/bin/../lib/gcc/arm-elf/4.1.1/interwork/libgcc.a(_divsi3.o)
 .bss           0x400029e4        0x0 /cygdrive/c/Embedded/GNUARM/bin/../lib/gcc/arm-elf/4.1.1/interwork/libgcc.a(_umodsi3.o)
 .bss           0x400029e4        0x0 /cygdrive/c/Embedded/GNUARM/bin/../lib/gcc/arm-elf/4.1.1/interwork/libgcc.a(_dvmd_tls.o)
 .bss           0x400029e4        0x0 /cygdrive/c/Embedded/GNUARM/bin/../lib/gcc/arm-elf/4.1.1/interwork/libgcc.a(_call_via_rX.o)
 .bss           0x400029e4        0x0 /cygdrive/c/Embedded/GNUARM/bin/../lib/gcc/arm-elf/4.1.1/../../../../arm-elf/lib/interwork/libc.a(atoi.o)
 .bss           0x400029e4        0x0 /cygdrive/c/Embedded/GNUARM/bin/../lib/gcc/arm-elf/4.1.1/../../../../arm-elf/lib/interwork/libc.a(memcpy.o)
 .bss           0x400029e4        0x0 /cygdrive/c/Embedded/GNUARM/bin/../lib/gcc/arm-elf/4.1.1/../../../../arm-elf/lib/interwork/libc.a(strlen.o)
 .bss           0x400029e4        0x0 /cygdrive/c/Embedded/GNUARM/bin/../lib/gcc/arm-elf/4.1.1/../../../../arm-elf/lib/interwork/libc.a(strtol.o)
 .bss           0x400029e4        0x0 /cygdrive/c/Embedded/GNUARM/bin/../lib/gcc/arm-elf/4.1.1/../../../../arm-elf/lib/interwork/libc.a(ctype_.o)
 .bss           0x400029e4        0x0 /cygdrive/c/Embedded/GNUARM/bin/../lib/gcc/arm-elf/4.1.1/../../../../arm-elf/lib/interwork/libc.a(impure.o)
 *(COMMON)
 COMMON         0x400029e4        0x8 ./startup/libea_startup_thumb.a(framework.o)
                0x400029e4                pHeapEnd
                0x400029e8                pHeapStart
 COMMON         0x400029ec       0xf0 ./pre_emptive_os/pre_emptive_os.a(kernel.o)
                0x400029ec                processControlBlocks
                0x40002adc                . = ALIGN (0x4)
                0x40002adc                . = ALIGN (0x4)
                0x40002adc                __bss_end = .
                0x40002adc                __bss_end__ = .
                0x40002adc                _end = .
                0x40002adc                PROVIDE (end, .)

.stab           0x00000000      0x600
 *(.stab)
 .stab          0x00000000      0x3c0 ./startup/libea_startup_thumb.a(startup.o)
 .stab          0x000003c0      0x240 ./pre_emptive_os/pre_emptive_os.a(a7hal_a.o)
                                0x24c (size before relaxing)

.stabstr        0x00000000       0x9b
 *(.stabstr)
 .stabstr       0x00000000       0x9b ./startup/libea_startup_thumb.a(startup.o)

.stab.excl
 *(.stab.excl)

.stab.exclstr
 *(.stab.exclstr)

.stab.index
 *(.stab.index)

.stab.indexstr
 *(.stab.indexstr)

.comment        0x00000000      0x18c
 *(.comment)
 .comment       0x00000000       0x12 main.o
 .comment       0x00000012       0x12 testLedMatrix.o
 .comment       0x00000024       0x12 testLcd.o
 .comment       0x00000036       0x12 testMotor.o
 .comment       0x00000048       0x12 testRGB.o
 .comment       0x0000005a       0x12 startupSound.o
 .comment       0x0000006c       0x12 irq/irq_code.a(irq_timer1.o)
 .comment       0x0000007e       0x12 ./startup/libea_startup_thumb.a(framework.o)
 .comment       0x00000090       0x12 ./startup/libea_startup_thumb.a(consol.o)
 .comment       0x000000a2       0x12 ./pre_emptive_os/pre_emptive_os.a(kernel.o)
 .comment       0x000000b4       0x12 ./pre_emptive_os/pre_emptive_os.a(prioqueue.o)
 .comment       0x000000c6       0x12 ./pre_emptive_os/pre_emptive_os.a(timer.o)
 .comment       0x000000d8       0x12 ./pre_emptive_os/pre_emptive_os.a(stack_usage.o)
 .comment       0x000000ea       0x12 ./pre_emptive_os/pre_emptive_os.a(a7hal.o)
 .comment       0x000000fc       0x12 ./pre_emptive_os/pre_emptive_os.a(count_sem.o)
 .comment       0x0000010e       0x12 ./pre_emptive_os/pre_emptive_os.a(event.o)
 .comment       0x00000120       0x12 /cygdrive/c/Embedded/GNUARM/bin/../lib/gcc/arm-elf/4.1.1/../../../../arm-elf/lib/interwork/libc.a(atoi.o)
 .comment       0x00000132       0x12 /cygdrive/c/Embedded/GNUARM/bin/../lib/gcc/arm-elf/4.1.1/../../../../arm-elf/lib/interwork/libc.a(memcpy.o)
 .comment       0x00000144       0x12 /cygdrive/c/Embedded/GNUARM/bin/../lib/gcc/arm-elf/4.1.1/../../../../arm-elf/lib/interwork/libc.a(strlen.o)
 .comment       0x00000156       0x12 /cygdrive/c/Embedded/GNUARM/bin/../lib/gcc/arm-elf/4.1.1/../../../../arm-elf/lib/interwork/libc.a(strtol.o)
 .comment       0x00000168       0x12 /cygdrive/c/Embedded/GNUARM/bin/../lib/gcc/arm-elf/4.1.1/../../../../arm-elf/lib/interwork/libc.a(ctype_.o)
 .comment       0x0000017a       0x12 /cygdrive/c/Embedded/GNUARM/bin/../lib/gcc/arm-elf/4.1.1/../../../../arm-elf/lib/interwork/libc.a(impure.o)

.debug
 *(.debug)

.line
 *(.line)

.debug_srcinfo
 *(.debug_srcinfo)

.debug_sfnames
 *(.debug_sfnames)

.debug_aranges  0x00000000      0x300
 *(.debug_aranges)
 .debug_aranges
                0x00000000       0x20 main.o
 .debug_aranges
                0x00000020       0x20 testLedMatrix.o
 .debug_aranges
                0x00000040       0x20 testLcd.o
 .debug_aranges
                0x00000060       0x20 testMotor.o
 .debug_aranges
                0x00000080       0x20 testRGB.o
 .debug_aranges
                0x000000a0       0x20 irq/irq_code.a(irq_timer1.o)
 .debug_aranges
                0x000000c0       0x20 ./startup/libea_startup_thumb.a(framework.o)
 .debug_aranges
                0x000000e0       0x20 ./startup/libea_startup_thumb.a(consol.o)
 .debug_aranges
                0x00000100       0x20 ./pre_emptive_os/pre_emptive_os.a(kernel.o)
 .debug_aranges
                0x00000120       0x20 ./pre_emptive_os/pre_emptive_os.a(prioqueue.o)
 .debug_aranges
                0x00000140       0x20 ./pre_emptive_os/pre_emptive_os.a(timer.o)
 .debug_aranges
                0x00000160       0x20 ./pre_emptive_os/pre_emptive_os.a(stack_usage.o)
 .debug_aranges
                0x00000180       0x20 ./pre_emptive_os/pre_emptive_os.a(a7hal.o)
 .debug_aranges
                0x000001a0       0x20 ./pre_emptive_os/pre_emptive_os.a(count_sem.o)
 .debug_aranges
                0x000001c0       0x20 ./pre_emptive_os/pre_emptive_os.a(event.o)
 .debug_aranges
                0x000001e0       0x20 /cygdrive/c/Embedded/GNUARM/bin/../lib/gcc/arm-elf/4.1.1/interwork/libgcc.a(_udivsi3.o)
 .debug_aranges
                0x00000200       0x20 /cygdrive/c/Embedded/GNUARM/bin/../lib/gcc/arm-elf/4.1.1/interwork/libgcc.a(_divsi3.o)
 .debug_aranges
                0x00000220       0x20 /cygdrive/c/Embedded/GNUARM/bin/../lib/gcc/arm-elf/4.1.1/interwork/libgcc.a(_umodsi3.o)
 .debug_aranges
                0x00000240       0x20 /cygdrive/c/Embedded/GNUARM/bin/../lib/gcc/arm-elf/4.1.1/interwork/libgcc.a(_dvmd_tls.o)
 .debug_aranges
                0x00000260       0x20 /cygdrive/c/Embedded/GNUARM/bin/../lib/gcc/arm-elf/4.1.1/interwork/libgcc.a(_call_via_rX.o)
 .debug_aranges
                0x00000280       0x20 /cygdrive/c/Embedded/GNUARM/bin/../lib/gcc/arm-elf/4.1.1/../../../../arm-elf/lib/interwork/libc.a(atoi.o)
 .debug_aranges
                0x000002a0       0x20 /cygdrive/c/Embedded/GNUARM/bin/../lib/gcc/arm-elf/4.1.1/../../../../arm-elf/lib/interwork/libc.a(memcpy.o)
 .debug_aranges
                0x000002c0       0x20 /cygdrive/c/Embedded/GNUARM/bin/../lib/gcc/arm-elf/4.1.1/../../../../arm-elf/lib/interwork/libc.a(strlen.o)
 .debug_aranges
                0x000002e0       0x20 /cygdrive/c/Embedded/GNUARM/bin/../lib/gcc/arm-elf/4.1.1/../../../../arm-elf/lib/interwork/libc.a(strtol.o)

.debug_pubnames
                0x00000000      0x857
 *(.debug_pubnames)
 .debug_pubnames
                0x00000000       0x33 main.o
 .debug_pubnames
                0x00000033       0x87 testLedMatrix.o
 .debug_pubnames
                0x000000ba       0x6b testLcd.o
 .debug_pubnames
                0x00000125       0x20 testMotor.o
 .debug_pubnames
                0x00000145       0x71 testRGB.o
 .debug_pubnames
                0x000001b6       0x23 startupSound.o
 .debug_pubnames
                0x000001d9       0x45 irq/irq_code.a(irq_timer1.o)
 .debug_pubnames
                0x0000021e       0x63 ./startup/libea_startup_thumb.a(framework.o)
 .debug_pubnames
                0x00000281       0xda ./startup/libea_startup_thumb.a(consol.o)
 .debug_pubnames
                0x0000035b      0x17f ./pre_emptive_os/pre_emptive_os.a(kernel.o)
 .debug_pubnames
                0x000004da       0x76 ./pre_emptive_os/pre_emptive_os.a(prioqueue.o)
 .debug_pubnames
                0x00000550       0x55 ./pre_emptive_os/pre_emptive_os.a(timer.o)
 .debug_pubnames
                0x000005a5       0x4e ./pre_emptive_os/pre_emptive_os.a(stack_usage.o)
 .debug_pubnames
                0x000005f3       0xc1 ./pre_emptive_os/pre_emptive_os.a(a7hal.o)
 .debug_pubnames
                0x000006b4       0x4d ./pre_emptive_os/pre_emptive_os.a(count_sem.o)
 .debug_pubnames
                0x00000701       0x63 ./pre_emptive_os/pre_emptive_os.a(event.o)
 .debug_pubnames
                0x00000764       0x27 /cygdrive/c/Embedded/GNUARM/bin/../lib/gcc/arm-elf/4.1.1/../../../../arm-elf/lib/interwork/libc.a(atoi.o)
 .debug_pubnames
                0x0000078b       0x1d /cygdrive/c/Embedded/GNUARM/bin/../lib/gcc/arm-elf/4.1.1/../../../../arm-elf/lib/interwork/libc.a(memcpy.o)
 .debug_pubnames
                0x000007a8       0x1d /cygdrive/c/Embedded/GNUARM/bin/../lib/gcc/arm-elf/4.1.1/../../../../arm-elf/lib/interwork/libc.a(strlen.o)
 .debug_pubnames
                0x000007c5       0x2b /cygdrive/c/Embedded/GNUARM/bin/../lib/gcc/arm-elf/4.1.1/../../../../arm-elf/lib/interwork/libc.a(strtol.o)
 .debug_pubnames
                0x000007f0       0x2e /cygdrive/c/Embedded/GNUARM/bin/../lib/gcc/arm-elf/4.1.1/../../../../arm-elf/lib/interwork/libc.a(ctype_.o)
 .debug_pubnames
                0x0000081e       0x39 /cygdrive/c/Embedded/GNUARM/bin/../lib/gcc/arm-elf/4.1.1/../../../../arm-elf/lib/interwork/libc.a(impure.o)

.debug_info     0x00000000     0x4ea7
 *(.debug_info .gnu.linkonce.wi.*)
 .debug_info    0x00000000      0x2e5 main.o
 .debug_info    0x000002e5      0x20c testLedMatrix.o
 .debug_info    0x000004f1      0x5ac testLcd.o
 .debug_info    0x00000a9d       0xcb testMotor.o
 .debug_info    0x00000b68      0x16f testRGB.o
 .debug_info    0x00000cd7       0x5e startupSound.o
 .debug_info    0x00000d35      0x121 irq/irq_code.a(irq_timer1.o)
 .debug_info    0x00000e56      0x1e5 ./startup/libea_startup_thumb.a(framework.o)
 .debug_info    0x0000103b      0x584 ./startup/libea_startup_thumb.a(consol.o)
 .debug_info    0x000015bf      0x5fe ./pre_emptive_os/pre_emptive_os.a(kernel.o)
 .debug_info    0x00001bbd      0x2e8 ./pre_emptive_os/pre_emptive_os.a(prioqueue.o)
 .debug_info    0x00001ea5      0x4b8 ./pre_emptive_os/pre_emptive_os.a(timer.o)
 .debug_info    0x0000235d      0x2cf ./pre_emptive_os/pre_emptive_os.a(stack_usage.o)
 .debug_info    0x0000262c      0x189 ./pre_emptive_os/pre_emptive_os.a(a7hal.o)
 .debug_info    0x000027b5      0x32b ./pre_emptive_os/pre_emptive_os.a(count_sem.o)
 .debug_info    0x00002ae0      0x2ee ./pre_emptive_os/pre_emptive_os.a(event.o)
 .debug_info    0x00002dce       0x68 /cygdrive/c/Embedded/GNUARM/bin/../lib/gcc/arm-elf/4.1.1/interwork/libgcc.a(_udivsi3.o)
 .debug_info    0x00002e36       0x68 /cygdrive/c/Embedded/GNUARM/bin/../lib/gcc/arm-elf/4.1.1/interwork/libgcc.a(_divsi3.o)
 .debug_info    0x00002e9e       0x68 /cygdrive/c/Embedded/GNUARM/bin/../lib/gcc/arm-elf/4.1.1/interwork/libgcc.a(_umodsi3.o)
 .debug_info    0x00002f06       0x68 /cygdrive/c/Embedded/GNUARM/bin/../lib/gcc/arm-elf/4.1.1/interwork/libgcc.a(_dvmd_tls.o)
 .debug_info    0x00002f6e       0x68 /cygdrive/c/Embedded/GNUARM/bin/../lib/gcc/arm-elf/4.1.1/interwork/libgcc.a(_call_via_rX.o)
 .debug_info    0x00002fd6      0x949 /cygdrive/c/Embedded/GNUARM/bin/../lib/gcc/arm-elf/4.1.1/../../../../arm-elf/lib/interwork/libc.a(atoi.o)
 .debug_info    0x0000391f      0x10a /cygdrive/c/Embedded/GNUARM/bin/../lib/gcc/arm-elf/4.1.1/../../../../arm-elf/lib/interwork/libc.a(memcpy.o)
 .debug_info    0x00003a29       0xd4 /cygdrive/c/Embedded/GNUARM/bin/../lib/gcc/arm-elf/4.1.1/../../../../arm-elf/lib/interwork/libc.a(strlen.o)
 .debug_info    0x00003afd      0xa0f /cygdrive/c/Embedded/GNUARM/bin/../lib/gcc/arm-elf/4.1.1/../../../../arm-elf/lib/interwork/libc.a(strtol.o)
 .debug_info    0x0000450c       0x79 /cygdrive/c/Embedded/GNUARM/bin/../lib/gcc/arm-elf/4.1.1/../../../../arm-elf/lib/interwork/libc.a(ctype_.o)
 .debug_info    0x00004585      0x922 /cygdrive/c/Embedded/GNUARM/bin/../lib/gcc/arm-elf/4.1.1/../../../../arm-elf/lib/interwork/libc.a(impure.o)

.debug_abbrev   0x00000000     0x1959
 *(.debug_abbrev)
 .debug_abbrev  0x00000000      0x138 main.o
 .debug_abbrev  0x00000138      0x120 testLedMatrix.o
 .debug_abbrev  0x00000258      0x207 testLcd.o
 .debug_abbrev  0x0000045f       0x94 testMotor.o
 .debug_abbrev  0x000004f3       0xca testRGB.o
 .debug_abbrev  0x000005bd       0x49 startupSound.o
 .debug_abbrev  0x00000606       0xde irq/irq_code.a(irq_timer1.o)
 .debug_abbrev  0x000006e4       0xd0 ./startup/libea_startup_thumb.a(framework.o)
 .debug_abbrev  0x000007b4      0x2a4 ./startup/libea_startup_thumb.a(consol.o)
 .debug_abbrev  0x00000a58      0x1b8 ./pre_emptive_os/pre_emptive_os.a(kernel.o)
 .debug_abbrev  0x00000c10      0x11e ./pre_emptive_os/pre_emptive_os.a(prioqueue.o)
 .debug_abbrev  0x00000d2e      0x154 ./pre_emptive_os/pre_emptive_os.a(timer.o)
 .debug_abbrev  0x00000e82      0x170 ./pre_emptive_os/pre_emptive_os.a(stack_usage.o)
 .debug_abbrev  0x00000ff2       0xf2 ./pre_emptive_os/pre_emptive_os.a(a7hal.o)
 .debug_abbrev  0x000010e4      0x101 ./pre_emptive_os/pre_emptive_os.a(count_sem.o)
 .debug_abbrev  0x000011e5      0x103 ./pre_emptive_os/pre_emptive_os.a(event.o)
 .debug_abbrev  0x000012e8       0x14 /cygdrive/c/Embedded/GNUARM/bin/../lib/gcc/arm-elf/4.1.1/interwork/libgcc.a(_udivsi3.o)
 .debug_abbrev  0x000012fc       0x14 /cygdrive/c/Embedded/GNUARM/bin/../lib/gcc/arm-elf/4.1.1/interwork/libgcc.a(_divsi3.o)
 .debug_abbrev  0x00001310       0x14 /cygdrive/c/Embedded/GNUARM/bin/../lib/gcc/arm-elf/4.1.1/interwork/libgcc.a(_umodsi3.o)
 .debug_abbrev  0x00001324       0x14 /cygdrive/c/Embedded/GNUARM/bin/../lib/gcc/arm-elf/4.1.1/interwork/libgcc.a(_dvmd_tls.o)
 .debug_abbrev  0x00001338       0x14 /cygdrive/c/Embedded/GNUARM/bin/../lib/gcc/arm-elf/4.1.1/interwork/libgcc.a(_call_via_rX.o)
 .debug_abbrev  0x0000134c      0x176 /cygdrive/c/Embedded/GNUARM/bin/../lib/gcc/arm-elf/4.1.1/../../../../arm-elf/lib/interwork/libc.a(atoi.o)
 .debug_abbrev  0x000014c2       0xa6 /cygdrive/c/Embedded/GNUARM/bin/../lib/gcc/arm-elf/4.1.1/../../../../arm-elf/lib/interwork/libc.a(memcpy.o)
 .debug_abbrev  0x00001568       0x8b /cygdrive/c/Embedded/GNUARM/bin/../lib/gcc/arm-elf/4.1.1/../../../../arm-elf/lib/interwork/libc.a(strlen.o)
 .debug_abbrev  0x000015f3      0x1bd /cygdrive/c/Embedded/GNUARM/bin/../lib/gcc/arm-elf/4.1.1/../../../../arm-elf/lib/interwork/libc.a(strtol.o)
 .debug_abbrev  0x000017b0       0x52 /cygdrive/c/Embedded/GNUARM/bin/../lib/gcc/arm-elf/4.1.1/../../../../arm-elf/lib/interwork/libc.a(ctype_.o)
 .debug_abbrev  0x00001802      0x157 /cygdrive/c/Embedded/GNUARM/bin/../lib/gcc/arm-elf/4.1.1/../../../../arm-elf/lib/interwork/libc.a(impure.o)

.debug_line     0x00000000     0x14fd
 *(.debug_line)
 .debug_line    0x00000000       0xb7 main.o
 .debug_line    0x000000b7       0xda testLedMatrix.o
 .debug_line    0x00000191      0x1a9 testLcd.o
 .debug_line    0x0000033a       0x87 testMotor.o
 .debug_line    0x000003c1       0xed testRGB.o
 .debug_line    0x000004ae       0x2f startupSound.o
 .debug_line    0x000004dd       0x83 irq/irq_code.a(irq_timer1.o)
 .debug_line    0x00000560       0xba ./startup/libea_startup_thumb.a(framework.o)
 .debug_line    0x0000061a      0x193 ./startup/libea_startup_thumb.a(consol.o)
 .debug_line    0x000007ad      0x176 ./pre_emptive_os/pre_emptive_os.a(kernel.o)
 .debug_line    0x00000923       0xbb ./pre_emptive_os/pre_emptive_os.a(prioqueue.o)
 .debug_line    0x000009de      0x109 ./pre_emptive_os/pre_emptive_os.a(timer.o)
 .debug_line    0x00000ae7       0x97 ./pre_emptive_os/pre_emptive_os.a(stack_usage.o)
 .debug_line    0x00000b7e       0x8c ./pre_emptive_os/pre_emptive_os.a(a7hal.o)
 .debug_line    0x00000c0a       0xd9 ./pre_emptive_os/pre_emptive_os.a(count_sem.o)
 .debug_line    0x00000ce3       0xaf ./pre_emptive_os/pre_emptive_os.a(event.o)
 .debug_line    0x00000d92       0x84 /cygdrive/c/Embedded/GNUARM/bin/../lib/gcc/arm-elf/4.1.1/interwork/libgcc.a(_udivsi3.o)
 .debug_line    0x00000e16       0x90 /cygdrive/c/Embedded/GNUARM/bin/../lib/gcc/arm-elf/4.1.1/interwork/libgcc.a(_divsi3.o)
 .debug_line    0x00000ea6       0x6e /cygdrive/c/Embedded/GNUARM/bin/../lib/gcc/arm-elf/4.1.1/interwork/libgcc.a(_umodsi3.o)
 .debug_line    0x00000f14       0x5d /cygdrive/c/Embedded/GNUARM/bin/../lib/gcc/arm-elf/4.1.1/interwork/libgcc.a(_dvmd_tls.o)
 .debug_line    0x00000f71       0x6b /cygdrive/c/Embedded/GNUARM/bin/../lib/gcc/arm-elf/4.1.1/interwork/libgcc.a(_call_via_rX.o)
 .debug_line    0x00000fdc       0xf9 /cygdrive/c/Embedded/GNUARM/bin/../lib/gcc/arm-elf/4.1.1/../../../../arm-elf/lib/interwork/libc.a(atoi.o)
 .debug_line    0x000010d5       0xc8 /cygdrive/c/Embedded/GNUARM/bin/../lib/gcc/arm-elf/4.1.1/../../../../arm-elf/lib/interwork/libc.a(memcpy.o)
 .debug_line    0x0000119d       0xaf /cygdrive/c/Embedded/GNUARM/bin/../lib/gcc/arm-elf/4.1.1/../../../../arm-elf/lib/interwork/libc.a(strlen.o)
 .debug_line    0x0000124c      0x173 /cygdrive/c/Embedded/GNUARM/bin/../lib/gcc/arm-elf/4.1.1/../../../../arm-elf/lib/interwork/libc.a(strtol.o)
 .debug_line    0x000013bf       0x5b /cygdrive/c/Embedded/GNUARM/bin/../lib/gcc/arm-elf/4.1.1/../../../../arm-elf/lib/interwork/libc.a(ctype_.o)
 .debug_line    0x0000141a       0xe3 /cygdrive/c/Embedded/GNUARM/bin/../lib/gcc/arm-elf/4.1.1/../../../../arm-elf/lib/interwork/libc.a(impure.o)

.debug_frame    0x00000000      0xc34
 *(.debug_frame)
 .debug_frame   0x00000000       0xc4 main.o
 .debug_frame   0x000000c4       0x54 testLedMatrix.o
 .debug_frame   0x00000118      0x124 testLcd.o
 .debug_frame   0x0000023c       0x2c testMotor.o
 .debug_frame   0x00000268       0xb8 testRGB.o
 .debug_frame   0x00000320       0x4c irq/irq_code.a(irq_timer1.o)
 .debug_frame   0x0000036c       0xe0 ./startup/libea_startup_thumb.a(framework.o)
 .debug_frame   0x0000044c      0x150 ./startup/libea_startup_thumb.a(consol.o)
 .debug_frame   0x0000059c      0x1e8 ./pre_emptive_os/pre_emptive_os.a(kernel.o)
 .debug_frame   0x00000784       0x8c ./pre_emptive_os/pre_emptive_os.a(prioqueue.o)
 .debug_frame   0x00000810       0xb8 ./pre_emptive_os/pre_emptive_os.a(timer.o)
 .debug_frame   0x000008c8       0x58 ./pre_emptive_os/pre_emptive_os.a(stack_usage.o)
 .debug_frame   0x00000920       0xa0 ./pre_emptive_os/pre_emptive_os.a(a7hal.o)
 .debug_frame   0x000009c0       0x84 ./pre_emptive_os/pre_emptive_os.a(count_sem.o)
 .debug_frame   0x00000a44       0x94 ./pre_emptive_os/pre_emptive_os.a(event.o)
 .debug_frame   0x00000ad8       0x2c /cygdrive/c/Embedded/GNUARM/bin/../lib/gcc/arm-elf/4.1.1/interwork/libgcc.a(_udivsi3.o)
 .debug_frame   0x00000b04       0x2c /cygdrive/c/Embedded/GNUARM/bin/../lib/gcc/arm-elf/4.1.1/interwork/libgcc.a(_divsi3.o)
 .debug_frame   0x00000b30       0x2c /cygdrive/c/Embedded/GNUARM/bin/../lib/gcc/arm-elf/4.1.1/interwork/libgcc.a(_umodsi3.o)
 .debug_frame   0x00000b5c       0x40 /cygdrive/c/Embedded/GNUARM/bin/../lib/gcc/arm-elf/4.1.1/../../../../arm-elf/lib/interwork/libc.a(atoi.o)
 .debug_frame   0x00000b9c       0x28 /cygdrive/c/Embedded/GNUARM/bin/../lib/gcc/arm-elf/4.1.1/../../../../arm-elf/lib/interwork/libc.a(memcpy.o)
 .debug_frame   0x00000bc4       0x20 /cygdrive/c/Embedded/GNUARM/bin/../lib/gcc/arm-elf/4.1.1/../../../../arm-elf/lib/interwork/libc.a(strlen.o)
 .debug_frame   0x00000be4       0x50 /cygdrive/c/Embedded/GNUARM/bin/../lib/gcc/arm-elf/4.1.1/../../../../arm-elf/lib/interwork/libc.a(strtol.o)

.debug_str      0x00000000     0x1445
 *(.debug_str)
 .debug_str     0x00000000      0x10e main.o
                                0x13e (size before relaxing)
 .debug_str     0x0000010e       0xab testLedMatrix.o
                                0x141 (size before relaxing)
 .debug_str     0x000001b9      0x157 testLcd.o
                                0x21a (size before relaxing)
 .debug_str     0x00000310       0x34 testMotor.o
                                 0xce (size before relaxing)
 .debug_str     0x00000344       0x63 testRGB.o
                                 0xf5 (size before relaxing)
 .debug_str     0x000003a7        0xf startupSound.o
                                 0x66 (size before relaxing)
 .debug_str     0x000003b6       0x79 irq/irq_code.a(irq_timer1.o)
                                 0xee (size before relaxing)
 .debug_str     0x0000042f      0x10c ./startup/libea_startup_thumb.a(framework.o)
                                0x13e (size before relaxing)
 .debug_str     0x0000053b      0x18f ./startup/libea_startup_thumb.a(consol.o)
                                0x242 (size before relaxing)
 .debug_str     0x000006ca      0x2e6 ./pre_emptive_os/pre_emptive_os.a(kernel.o)
                                0x35e (size before relaxing)
 .debug_str     0x000009b0       0x7d ./pre_emptive_os/pre_emptive_os.a(prioqueue.o)
                                0x246 (size before relaxing)
 .debug_str     0x00000a2d      0x109 ./pre_emptive_os/pre_emptive_os.a(timer.o)
                                0x2f7 (size before relaxing)
 .debug_str     0x00000b36       0x70 ./pre_emptive_os/pre_emptive_os.a(stack_usage.o)
                                0x22b (size before relaxing)
 .debug_str     0x00000ba6      0x16f ./pre_emptive_os/pre_emptive_os.a(a7hal.o)
                                0x1dd (size before relaxing)
 .debug_str     0x00000d15       0x51 ./pre_emptive_os/pre_emptive_os.a(count_sem.o)
                                0x25b (size before relaxing)
 .debug_str     0x00000d66       0x51 ./pre_emptive_os/pre_emptive_os.a(event.o)
                                0x265 (size before relaxing)
 .debug_str     0x00000db7      0x409 /cygdrive/c/Embedded/GNUARM/bin/../lib/gcc/arm-elf/4.1.1/../../../../arm-elf/lib/interwork/libc.a(atoi.o)
                                0x49e (size before relaxing)
 .debug_str     0x000011c0       0xaa /cygdrive/c/Embedded/GNUARM/bin/../lib/gcc/arm-elf/4.1.1/../../../../arm-elf/lib/interwork/libc.a(memcpy.o)
                                 0xd6 (size before relaxing)
 .debug_str     0x0000126a       0x56 /cygdrive/c/Embedded/GNUARM/bin/../lib/gcc/arm-elf/4.1.1/../../../../arm-elf/lib/interwork/libc.a(strlen.o)
                                0x11f (size before relaxing)
 .debug_str     0x000012c0       0x78 /cygdrive/c/Embedded/GNUARM/bin/../lib/gcc/arm-elf/4.1.1/../../../../arm-elf/lib/interwork/libc.a(strtol.o)
                                0x4e0 (size before relaxing)
 .debug_str     0x00001338       0x7b /cygdrive/c/Embedded/GNUARM/bin/../lib/gcc/arm-elf/4.1.1/../../../../arm-elf/lib/interwork/libc.a(ctype_.o)
                                 0xaa (size before relaxing)
 .debug_str     0x000013b3       0x92 /cygdrive/c/Embedded/GNUARM/bin/../lib/gcc/arm-elf/4.1.1/../../../../arm-elf/lib/interwork/libc.a(impure.o)
                                0x4bc (size before relaxing)

.debug_loc      0x00000000     0x140a
 *(.debug_loc)
 .debug_loc     0x00000000      0x185 main.o
 .debug_loc     0x00000185       0xd4 testLedMatrix.o
 .debug_loc     0x00000259      0x477 testLcd.o
 .debug_loc     0x000006d0       0x1f testMotor.o
 .debug_loc     0x000006ef      0x197 testRGB.o
 .debug_loc     0x00000886       0x1f irq/irq_code.a(irq_timer1.o)
 .debug_loc     0x000008a5      0x1b2 ./startup/libea_startup_thumb.a(framework.o)
 .debug_loc     0x00000a57      0x5ee ./startup/libea_startup_thumb.a(consol.o)
 .debug_loc     0x00001045       0x77 /cygdrive/c/Embedded/GNUARM/bin/../lib/gcc/arm-elf/4.1.1/../../../../arm-elf/lib/interwork/libc.a(atoi.o)
 .debug_loc     0x000010bc       0xfc /cygdrive/c/Embedded/GNUARM/bin/../lib/gcc/arm-elf/4.1.1/../../../../arm-elf/lib/interwork/libc.a(memcpy.o)
 .debug_loc     0x000011b8       0x47 /cygdrive/c/Embedded/GNUARM/bin/../lib/gcc/arm-elf/4.1.1/../../../../arm-elf/lib/interwork/libc.a(strlen.o)
 .debug_loc     0x000011ff      0x20b /cygdrive/c/Embedded/GNUARM/bin/../lib/gcc/arm-elf/4.1.1/../../../../arm-elf/lib/interwork/libc.a(strtol.o)

.debug_macinfo
 *(.debug_macinfo)

.debug_weaknames
 *(.debug_weaknames)

.debug_funcnames
 *(.debug_funcnames)

.debug_typenames
 *(.debug_typenames)

.debug_varnames
 *(.debug_varnames)
OUTPUT(testprogram_lpc2148_edu_v3_0.elf elf32-littlearm)

.debug_ranges   0x00000000       0xf8
 .debug_ranges  0x00000000       0x38 main.o
 .debug_ranges  0x00000038       0xa8 testLcd.o
 .debug_ranges  0x000000e0       0x18 testRGB.o

Cross Reference Table

Symbol                                            File
Timer                                             irq/irq_code.a(irq_timer1.o)
                                                  testLedMatrix.o
____divsi3_change_to_arm                          /cygdrive/c/Embedded/GNUARM/bin/../lib/gcc/arm-elf/4.1.1/../../../../arm-elf/lib/interwork/libc.a(impure.o)
____divsi3_from_thumb                             /cygdrive/c/Embedded/GNUARM/bin/../lib/gcc/arm-elf/4.1.1/../../../../arm-elf/lib/interwork/libc.a(impure.o)
____udivsi3_change_to_arm                         /cygdrive/c/Embedded/GNUARM/bin/../lib/gcc/arm-elf/4.1.1/../../../../arm-elf/lib/interwork/libc.a(impure.o)
____udivsi3_from_thumb                            /cygdrive/c/Embedded/GNUARM/bin/../lib/gcc/arm-elf/4.1.1/../../../../arm-elf/lib/interwork/libc.a(impure.o)
____umodsi3_change_to_arm                         /cygdrive/c/Embedded/GNUARM/bin/../lib/gcc/arm-elf/4.1.1/../../../../arm-elf/lib/interwork/libc.a(impure.o)
____umodsi3_from_thumb                            /cygdrive/c/Embedded/GNUARM/bin/../lib/gcc/arm-elf/4.1.1/../../../../arm-elf/lib/interwork/libc.a(impure.o)
__aeabi_idiv                                      /cygdrive/c/Embedded/GNUARM/bin/../lib/gcc/arm-elf/4.1.1/interwork/libgcc.a(_divsi3.o)
__aeabi_idiv0                                     /cygdrive/c/Embedded/GNUARM/bin/../lib/gcc/arm-elf/4.1.1/interwork/libgcc.a(_dvmd_tls.o)
__aeabi_idivmod                                   /cygdrive/c/Embedded/GNUARM/bin/../lib/gcc/arm-elf/4.1.1/interwork/libgcc.a(_divsi3.o)
__aeabi_ldiv0                                     /cygdrive/c/Embedded/GNUARM/bin/../lib/gcc/arm-elf/4.1.1/interwork/libgcc.a(_dvmd_tls.o)
__aeabi_uidiv                                     /cygdrive/c/Embedded/GNUARM/bin/../lib/gcc/arm-elf/4.1.1/interwork/libgcc.a(_udivsi3.o)
__aeabi_uidivmod                                  /cygdrive/c/Embedded/GNUARM/bin/../lib/gcc/arm-elf/4.1.1/interwork/libgcc.a(_udivsi3.o)
__bss_end__                                       ./startup/libea_startup_thumb.a(startup.o)
__bss_start__                                     ./startup/libea_startup_thumb.a(startup.o)
__ctxSwitchIsr_oshal_change_to_arm                /cygdrive/c/Embedded/GNUARM/bin/../lib/gcc/arm-elf/4.1.1/../../../../arm-elf/lib/interwork/libc.a(impure.o)
__ctxSwitchIsr_oshal_from_thumb                   /cygdrive/c/Embedded/GNUARM/bin/../lib/gcc/arm-elf/4.1.1/../../../../arm-elf/lib/interwork/libc.a(impure.o)
__ctxSwitch_oshal_change_to_arm                   /cygdrive/c/Embedded/GNUARM/bin/../lib/gcc/arm-elf/4.1.1/../../../../arm-elf/lib/interwork/libc.a(impure.o)
__ctxSwitch_oshal_from_thumb                      /cygdrive/c/Embedded/GNUARM/bin/../lib/gcc/arm-elf/4.1.1/../../../../arm-elf/lib/interwork/libc.a(impure.o)
__ctype_ptr                                       /cygdrive/c/Embedded/GNUARM/bin/../lib/gcc/arm-elf/4.1.1/../../../../arm-elf/lib/interwork/libc.a(ctype_.o)
                                                  /cygdrive/c/Embedded/GNUARM/bin/../lib/gcc/arm-elf/4.1.1/../../../../arm-elf/lib/interwork/libc.a(strtol.o)
__div0                                            /cygdrive/c/Embedded/GNUARM/bin/../lib/gcc/arm-elf/4.1.1/interwork/libgcc.a(_dvmd_tls.o)
                                                  /cygdrive/c/Embedded/GNUARM/bin/../lib/gcc/arm-elf/4.1.1/interwork/libgcc.a(_umodsi3.o)
                                                  /cygdrive/c/Embedded/GNUARM/bin/../lib/gcc/arm-elf/4.1.1/interwork/libgcc.a(_divsi3.o)
                                                  /cygdrive/c/Embedded/GNUARM/bin/../lib/gcc/arm-elf/4.1.1/interwork/libgcc.a(_udivsi3.o)
__divsi3                                          /cygdrive/c/Embedded/GNUARM/bin/../lib/gcc/arm-elf/4.1.1/interwork/libgcc.a(_divsi3.o)
                                                  ./pre_emptive_os/pre_emptive_os.a(stack_usage.o)
__eaInit_change_to_arm                            /cygdrive/c/Embedded/GNUARM/bin/../lib/gcc/arm-elf/4.1.1/../../../../arm-elf/lib/interwork/libc.a(impure.o)
__eaInit_from_thumb                               /cygdrive/c/Embedded/GNUARM/bin/../lib/gcc/arm-elf/4.1.1/../../../../arm-elf/lib/interwork/libc.a(impure.o)
__halDisableInterrupts_oshal_change_to_arm        /cygdrive/c/Embedded/GNUARM/bin/../lib/gcc/arm-elf/4.1.1/../../../../arm-elf/lib/interwork/libc.a(impure.o)
__halDisableInterrupts_oshal_from_thumb           /cygdrive/c/Embedded/GNUARM/bin/../lib/gcc/arm-elf/4.1.1/../../../../arm-elf/lib/interwork/libc.a(impure.o)
__halRestoreInterrupts_oshal_change_to_arm        /cygdrive/c/Embedded/GNUARM/bin/../lib/gcc/arm-elf/4.1.1/../../../../arm-elf/lib/interwork/libc.a(impure.o)
__halRestoreInterrupts_oshal_from_thumb           /cygdrive/c/Embedded/GNUARM/bin/../lib/gcc/arm-elf/4.1.1/../../../../arm-elf/lib/interwork/libc.a(impure.o)
__initTimer_oshal_change_to_arm                   /cygdrive/c/Embedded/GNUARM/bin/../lib/gcc/arm-elf/4.1.1/../../../../arm-elf/lib/interwork/libc.a(impure.o)
__initTimer_oshal_from_thumb                      /cygdrive/c/Embedded/GNUARM/bin/../lib/gcc/arm-elf/4.1.1/../../../../arm-elf/lib/interwork/libc.a(impure.o)
__memcpy_change_to_arm                            /cygdrive/c/Embedded/GNUARM/bin/../lib/gcc/arm-elf/4.1.1/../../../../arm-elf/lib/interwork/libc.a(impure.o)
__memcpy_from_thumb                               /cygdrive/c/Embedded/GNUARM/bin/../lib/gcc/arm-elf/4.1.1/../../../../arm-elf/lib/interwork/libc.a(impure.o)
__osISRExit_from_arm                              /cygdrive/c/Embedded/GNUARM/bin/../lib/gcc/arm-elf/4.1.1/../../../../arm-elf/lib/interwork/libc.a(impure.o)
__osTick_from_arm                                 /cygdrive/c/Embedded/GNUARM/bin/../lib/gcc/arm-elf/4.1.1/../../../../arm-elf/lib/interwork/libc.a(impure.o)
__startHighProc_oshal_change_to_arm               /cygdrive/c/Embedded/GNUARM/bin/../lib/gcc/arm-elf/4.1.1/../../../../arm-elf/lib/interwork/libc.a(impure.o)
__startHighProc_oshal_from_thumb                  /cygdrive/c/Embedded/GNUARM/bin/../lib/gcc/arm-elf/4.1.1/../../../../arm-elf/lib/interwork/libc.a(impure.o)
__stkFrameInit_oshal_change_to_arm                /cygdrive/c/Embedded/GNUARM/bin/../lib/gcc/arm-elf/4.1.1/../../../../arm-elf/lib/interwork/libc.a(impure.o)
__stkFrameInit_oshal_from_thumb                   /cygdrive/c/Embedded/GNUARM/bin/../lib/gcc/arm-elf/4.1.1/../../../../arm-elf/lib/interwork/libc.a(impure.o)
__udivsi3                                         /cygdrive/c/Embedded/GNUARM/bin/../lib/gcc/arm-elf/4.1.1/interwork/libgcc.a(_udivsi3.o)
                                                  /cygdrive/c/Embedded/GNUARM/bin/../lib/gcc/arm-elf/4.1.1/../../../../arm-elf/lib/interwork/libc.a(strtol.o)
                                                  ./pre_emptive_os/pre_emptive_os.a(stack_usage.o)
                                                  ./startup/libea_startup_thumb.a(consol.o)
                                                  testLcd.o
__umodsi3                                         /cygdrive/c/Embedded/GNUARM/bin/../lib/gcc/arm-elf/4.1.1/interwork/libgcc.a(_umodsi3.o)
                                                  /cygdrive/c/Embedded/GNUARM/bin/../lib/gcc/arm-elf/4.1.1/../../../../arm-elf/lib/interwork/libc.a(strtol.o)
                                                  ./startup/libea_startup_thumb.a(consol.o)
                                                  testLcd.o
__zeroTimer_change_to_arm                         /cygdrive/c/Embedded/GNUARM/bin/../lib/gcc/arm-elf/4.1.1/../../../../arm-elf/lib/interwork/libc.a(impure.o)
__zeroTimer_from_thumb                            /cygdrive/c/Embedded/GNUARM/bin/../lib/gcc/arm-elf/4.1.1/../../../../arm-elf/lib/interwork/libc.a(impure.o)
_atoi_r                                           /cygdrive/c/Embedded/GNUARM/bin/../lib/gcc/arm-elf/4.1.1/../../../../arm-elf/lib/interwork/libc.a(atoi.o)
_call_via_fp                                      /cygdrive/c/Embedded/GNUARM/bin/../lib/gcc/arm-elf/4.1.1/interwork/libgcc.a(_call_via_rX.o)
_call_via_ip                                      /cygdrive/c/Embedded/GNUARM/bin/../lib/gcc/arm-elf/4.1.1/interwork/libgcc.a(_call_via_rX.o)
_call_via_lr                                      /cygdrive/c/Embedded/GNUARM/bin/../lib/gcc/arm-elf/4.1.1/interwork/libgcc.a(_call_via_rX.o)
_call_via_r0                                      /cygdrive/c/Embedded/GNUARM/bin/../lib/gcc/arm-elf/4.1.1/interwork/libgcc.a(_call_via_rX.o)
_call_via_r1                                      /cygdrive/c/Embedded/GNUARM/bin/../lib/gcc/arm-elf/4.1.1/interwork/libgcc.a(_call_via_rX.o)
_call_via_r2                                      /cygdrive/c/Embedded/GNUARM/bin/../lib/gcc/arm-elf/4.1.1/interwork/libgcc.a(_call_via_rX.o)
_call_via_r3                                      /cygdrive/c/Embedded/GNUARM/bin/../lib/gcc/arm-elf/4.1.1/interwork/libgcc.a(_call_via_rX.o)
_call_via_r4                                      /cygdrive/c/Embedded/GNUARM/bin/../lib/gcc/arm-elf/4.1.1/interwork/libgcc.a(_call_via_rX.o)
                                                  ./pre_emptive_os/pre_emptive_os.a(timer.o)
_call_via_r5                                      /cygdrive/c/Embedded/GNUARM/bin/../lib/gcc/arm-elf/4.1.1/interwork/libgcc.a(_call_via_rX.o)
_call_via_r6                                      /cygdrive/c/Embedded/GNUARM/bin/../lib/gcc/arm-elf/4.1.1/interwork/libgcc.a(_call_via_rX.o)
_call_via_r7                                      /cygdrive/c/Embedded/GNUARM/bin/../lib/gcc/arm-elf/4.1.1/interwork/libgcc.a(_call_via_rX.o)
_call_via_r8                                      /cygdrive/c/Embedded/GNUARM/bin/../lib/gcc/arm-elf/4.1.1/interwork/libgcc.a(_call_via_rX.o)
_call_via_r9                                      /cygdrive/c/Embedded/GNUARM/bin/../lib/gcc/arm-elf/4.1.1/interwork/libgcc.a(_call_via_rX.o)
_call_via_sl                                      /cygdrive/c/Embedded/GNUARM/bin/../lib/gcc/arm-elf/4.1.1/interwork/libgcc.a(_call_via_rX.o)
_call_via_sp                                      /cygdrive/c/Embedded/GNUARM/bin/../lib/gcc/arm-elf/4.1.1/interwork/libgcc.a(_call_via_rX.o)
_ctype_                                           /cygdrive/c/Embedded/GNUARM/bin/../lib/gcc/arm-elf/4.1.1/../../../../arm-elf/lib/interwork/libc.a(ctype_.o)
_data                                             ./startup/libea_startup_thumb.a(startup.o)
_edata                                            ./startup/libea_startup_thumb.a(startup.o)
_etext                                            ./startup/libea_startup_thumb.a(startup.o)
_global_impure_ptr                                /cygdrive/c/Embedded/GNUARM/bin/../lib/gcc/arm-elf/4.1.1/../../../../arm-elf/lib/interwork/libc.a(impure.o)
_impure_ptr                                       /cygdrive/c/Embedded/GNUARM/bin/../lib/gcc/arm-elf/4.1.1/../../../../arm-elf/lib/interwork/libc.a(impure.o)
                                                  /cygdrive/c/Embedded/GNUARM/bin/../lib/gcc/arm-elf/4.1.1/../../../../arm-elf/lib/interwork/libc.a(strtol.o)
_startup                                          ./startup/libea_startup_thumb.a(startup.o)
_strtol_r                                         /cygdrive/c/Embedded/GNUARM/bin/../lib/gcc/arm-elf/4.1.1/../../../../arm-elf/lib/interwork/libc.a(strtol.o)
                                                  /cygdrive/c/Embedded/GNUARM/bin/../lib/gcc/arm-elf/4.1.1/../../../../arm-elf/lib/interwork/libc.a(atoi.o)
addToPrioQueue                                    ./pre_emptive_os/pre_emptive_os.a(prioqueue.o)
                                                  ./pre_emptive_os/pre_emptive_os.a(event.o)
                                                  ./pre_emptive_os/pre_emptive_os.a(kernel.o)
addToRdyList                                      ./pre_emptive_os/pre_emptive_os.a(kernel.o)
                                                  ./pre_emptive_os/pre_emptive_os.a(event.o)
addToTimeList                                     ./pre_emptive_os/pre_emptive_os.a(kernel.o)
                                                  ./pre_emptive_os/pre_emptive_os.a(event.o)
appTick                                           main.o
                                                  ./pre_emptive_os/pre_emptive_os.a(kernel.o)
arrowNumber                                       testLedMatrix.o
                                                  testMotor.o
atoi                                              /cygdrive/c/Embedded/GNUARM/bin/../lib/gcc/arm-elf/4.1.1/../../../../arm-elf/lib/interwork/libc.a(atoi.o)
                                                  ./startup/libea_startup_thumb.a(consol.o)
blackoutRGB                                       testRGB.o
blueRGB                                           testRGB.o
checkStackLimit                                   ./pre_emptive_os/pre_emptive_os.a(stack_usage.o)
circle                                            testLedMatrix.o
consolGetCh                                       ./startup/libea_startup_thumb.a(consol.o)
consolGetChar                                     ./startup/libea_startup_thumb.a(consol.o)
consolGetIntNum                                   ./startup/libea_startup_thumb.a(consol.o)
consolGetString                                   ./startup/libea_startup_thumb.a(consol.o)
consolInit                                        ./startup/libea_startup_thumb.a(consol.o)
                                                  ./startup/libea_startup_thumb.a(framework.o)
consolScanf                                       ./startup/libea_startup_thumb.a(consol.o)
consolSendCh                                      ./startup/libea_startup_thumb.a(consol.o)
consolSendChar                                    ./startup/libea_startup_thumb.a(consol.o)
consolSendNumber                                  ./startup/libea_startup_thumb.a(consol.o)
                                                  ./startup/libea_startup_thumb.a(framework.o)
consolSendString                                  ./startup/libea_startup_thumb.a(consol.o)
                                                  ./startup/libea_startup_thumb.a(framework.o)
createStackPattern                                ./pre_emptive_os/pre_emptive_os.a(stack_usage.o)
                                                  ./pre_emptive_os/pre_emptive_os.a(kernel.o)
ctxSwitchIsr_oshal                                ./pre_emptive_os/pre_emptive_os.a(a7hal_a.o)
                                                  ./pre_emptive_os/pre_emptive_os.a(kernel.o)
ctxSwitch_oshal                                   ./pre_emptive_os/pre_emptive_os.a(a7hal_a.o)
                                                  ./pre_emptive_os/pre_emptive_os.a(kernel.o)
displayArrow                                      testLedMatrix.o
down                                              testLedMatrix.o
eaInit                                            ./startup/libea_startup_thumb.a(framework.o)
                                                  main.o
end                                               ./startup/libea_startup_thumb.a(framework.o)
eventInit                                         ./pre_emptive_os/pre_emptive_os.a(event.o)
                                                  ./pre_emptive_os/pre_emptive_os.a(count_sem.o)
eventIsEmpty                                      ./pre_emptive_os/pre_emptive_os.a(event.o)
                                                  ./pre_emptive_os/pre_emptive_os.a(count_sem.o)
eventSignal                                       ./pre_emptive_os/pre_emptive_os.a(event.o)
                                                  ./pre_emptive_os/pre_emptive_os.a(count_sem.o)
eventWait                                         ./pre_emptive_os/pre_emptive_os.a(event.o)
                                                  ./pre_emptive_os/pre_emptive_os.a(count_sem.o)
eventWaitReturn                                   ./pre_emptive_os/pre_emptive_os.a(event.o)
                                                  ./pre_emptive_os/pre_emptive_os.a(count_sem.o)
exceptionHandlerInit                              ./startup/libea_startup_thumb.a(framework.o)
                                                  ./startup/libea_startup_thumb.a(startup.o)
generalIRQ_oshal                                  ./pre_emptive_os/pre_emptive_os.a(a7hal_a.o)
                                                  ./pre_emptive_os/pre_emptive_os.a(a7hal.o)
getHighPrioQueue                                  ./pre_emptive_os/pre_emptive_os.a(prioqueue.o)
                                                  ./pre_emptive_os/pre_emptive_os.a(event.o)
                                                  ./pre_emptive_os/pre_emptive_os.a(kernel.o)
greenRGB                                          testRGB.o
halDisableInterrupts_oshal                        ./pre_emptive_os/pre_emptive_os.a(a7hal.o)
                                                  ./pre_emptive_os/pre_emptive_os.a(count_sem.o)
                                                  ./pre_emptive_os/pre_emptive_os.a(timer.o)
                                                  ./pre_emptive_os/pre_emptive_os.a(kernel.o)
halEnableInterrupts_oshal                         ./pre_emptive_os/pre_emptive_os.a(a7hal.o)
halRestoreInterrupts_oshal                        ./pre_emptive_os/pre_emptive_os.a(a7hal.o)
                                                  ./pre_emptive_os/pre_emptive_os.a(count_sem.o)
                                                  ./pre_emptive_os/pre_emptive_os.a(timer.o)
                                                  ./pre_emptive_os/pre_emptive_os.a(kernel.o)
handleIRQs_oshal                                  ./pre_emptive_os/pre_emptive_os.a(a7hal.o)
                                                  ./pre_emptive_os/pre_emptive_os.a(a7hal_a.o)
initPrioQueue                                     ./pre_emptive_os/pre_emptive_os.a(prioqueue.o)
                                                  ./pre_emptive_os/pre_emptive_os.a(event.o)
                                                  ./pre_emptive_os/pre_emptive_os.a(kernel.o)
initTimer_oshal                                   ./pre_emptive_os/pre_emptive_os.a(a7hal.o)
                                                  ./pre_emptive_os/pre_emptive_os.a(kernel.o)
initializeRGB                                     testRGB.o
isEmptyPrioQueue                                  ./pre_emptive_os/pre_emptive_os.a(prioqueue.o)
                                                  ./pre_emptive_os/pre_emptive_os.a(event.o)
isrNesting                                        ./pre_emptive_os/pre_emptive_os.a(kernel.o)
                                                  ./pre_emptive_os/pre_emptive_os.a(event.o)
                                                  ./pre_emptive_os/pre_emptive_os.a(count_sem.o)
                                                  ./pre_emptive_os/pre_emptive_os.a(a7hal_a.o)
lcdShowBadResult                                  testLcd.o
                                                  testLedMatrix.o
lcdShowLose                                       testLcd.o
                                                  testLedMatrix.o
lcdShowNewGame                                    testLcd.o
                                                  testLedMatrix.o
lcdShowResult                                     testLcd.o
                                                  testLedMatrix.o
lcdShowWin                                        testLcd.o
                                                  testLedMatrix.o
ledMatrix                                         irq/irq_code.a(irq_timer1.o)
                                                  testLedMatrix.o
left                                              testLedMatrix.o
lowLevelInit                                      ./startup/libea_startup_thumb.a(framework.o)
                                                  ./startup/libea_startup_thumb.a(startup.o)
main                                              main.o
                                                  ./startup/libea_startup_thumb.a(startup.o)
memcpy                                            /cygdrive/c/Embedded/GNUARM/bin/../lib/gcc/arm-elf/4.1.1/../../../../arm-elf/lib/interwork/libc.a(memcpy.o)
                                                  ./startup/libea_startup_thumb.a(consol.o)
                                                  testLcd.o
                                                  testLedMatrix.o
msClock                                           main.o
osCreateProcess                                   ./pre_emptive_os/pre_emptive_os.a(kernel.o)
                                                  ./pre_emptive_os/pre_emptive_os.a(timer.o)
                                                  main.o
osCreateTimer                                     ./pre_emptive_os/pre_emptive_os.a(timer.o)
osDeleteProcess                                   ./pre_emptive_os/pre_emptive_os.a(kernel.o)
                                                  main.o
osDeleteTimer                                     ./pre_emptive_os/pre_emptive_os.a(timer.o)
osGetHighPrioProc                                 ./pre_emptive_os/pre_emptive_os.a(kernel.o)
osISREnter                                        ./pre_emptive_os/pre_emptive_os.a(kernel.o)
osISRExit                                         ./pre_emptive_os/pre_emptive_os.a(kernel.o)
                                                  ./pre_emptive_os/pre_emptive_os.a(a7hal_a.o)
osInit                                            ./pre_emptive_os/pre_emptive_os.a(kernel.o)
                                                  main.o
osInitTimers                                      ./pre_emptive_os/pre_emptive_os.a(timer.o)
osLockNesting                                     ./pre_emptive_os/pre_emptive_os.a(kernel.o)
osPid                                             ./pre_emptive_os/pre_emptive_os.a(kernel.o)
osResume                                          ./pre_emptive_os/pre_emptive_os.a(kernel.o)
osSemGive                                         ./pre_emptive_os/pre_emptive_os.a(count_sem.o)
                                                  ./pre_emptive_os/pre_emptive_os.a(timer.o)
osSemInit                                         ./pre_emptive_os/pre_emptive_os.a(count_sem.o)
                                                  ./pre_emptive_os/pre_emptive_os.a(timer.o)
osSemTake                                         ./pre_emptive_os/pre_emptive_os.a(count_sem.o)
                                                  ./pre_emptive_os/pre_emptive_os.a(timer.o)
osSemTryTake                                      ./pre_emptive_os/pre_emptive_os.a(count_sem.o)
osSleep                                           ./pre_emptive_os/pre_emptive_os.a(kernel.o)
                                                  testRGB.o
                                                  testMotor.o
                                                  testLcd.o
                                                  testLedMatrix.o
osStackUsage                                      ./pre_emptive_os/pre_emptive_os.a(stack_usage.o)
osStart                                           ./pre_emptive_os/pre_emptive_os.a(kernel.o)
                                                  main.o
osStartProcess                                    ./pre_emptive_os/pre_emptive_os.a(kernel.o)
                                                  ./pre_emptive_os/pre_emptive_os.a(timer.o)
                                                  main.o
osSuspend                                         ./pre_emptive_os/pre_emptive_os.a(kernel.o)
osTick                                            ./pre_emptive_os/pre_emptive_os.a(kernel.o)
                                                  ./pre_emptive_os/pre_emptive_os.a(a7hal.o)
pHeapEnd                                          ./startup/libea_startup_thumb.a(framework.o)
pHeapStart                                        ./startup/libea_startup_thumb.a(framework.o)
pNxtToRun                                         ./pre_emptive_os/pre_emptive_os.a(kernel.o)
                                                  ./pre_emptive_os/pre_emptive_os.a(a7hal_a.o)
pRunProc                                          ./pre_emptive_os/pre_emptive_os.a(kernel.o)
                                                  ./pre_emptive_os/pre_emptive_os.a(event.o)
                                                  ./pre_emptive_os/pre_emptive_os.a(a7hal_a.o)
pattern                                           testLedMatrix.o
                                                  irq/irq_code.a(irq_timer1.o)
processControlBlocks                              ./pre_emptive_os/pre_emptive_os.a(event.o)
                                                  ./pre_emptive_os/pre_emptive_os.a(stack_usage.o)
                                                  ./pre_emptive_os/pre_emptive_os.a(kernel.o)
redRGB                                            testRGB.o
rgbColor                                          testRGB.o
                                                  testLedMatrix.o
right                                             testLedMatrix.o
rmvFromPrioQueue                                  ./pre_emptive_os/pre_emptive_os.a(prioqueue.o)
                                                  ./pre_emptive_os/pre_emptive_os.a(event.o)
                                                  ./pre_emptive_os/pre_emptive_os.a(kernel.o)
rmvFromRdyList                                    ./pre_emptive_os/pre_emptive_os.a(kernel.o)
                                                  ./pre_emptive_os/pre_emptive_os.a(event.o)
rmvFromTimeList                                   ./pre_emptive_os/pre_emptive_os.a(kernel.o)
                                                  ./pre_emptive_os/pre_emptive_os.a(event.o)
schedule                                          ./pre_emptive_os/pre_emptive_os.a(kernel.o)
                                                  ./pre_emptive_os/pre_emptive_os.a(event.o)
                                                  ./pre_emptive_os/pre_emptive_os.a(count_sem.o)
send_SPI                                          irq/irq_code.a(irq_timer1.o)
simplePrintf                                      ./startup/libea_startup_thumb.a(consol.o)
startHighProc_oshal                               ./pre_emptive_os/pre_emptive_os.a(a7hal_a.o)
                                                  ./pre_emptive_os/pre_emptive_os.a(kernel.o)
startupSound                                      startupSound.o
                                                  main.o
stkFrameInit_oshal                                ./pre_emptive_os/pre_emptive_os.a(a7hal.o)
                                                  ./pre_emptive_os/pre_emptive_os.a(kernel.o)
strlen                                            /cygdrive/c/Embedded/GNUARM/bin/../lib/gcc/arm-elf/4.1.1/../../../../arm-elf/lib/interwork/libc.a(strlen.o)
                                                  ./startup/libea_startup_thumb.a(consol.o)
strtol                                            /cygdrive/c/Embedded/GNUARM/bin/../lib/gcc/arm-elf/4.1.1/../../../../arm-elf/lib/interwork/libc.a(strtol.o)
                                                  /cygdrive/c/Embedded/GNUARM/bin/../lib/gcc/arm-elf/4.1.1/../../../../arm-elf/lib/interwork/libc.a(atoi.o)
testLedMatrix                                     testLedMatrix.o
                                                  main.o
testMotor                                         testMotor.o
                                                  main.o
testRGB                                           testRGB.o
                                                  main.o
timerIsr_oshal                                    ./pre_emptive_os/pre_emptive_os.a(a7hal.o)
timerTick                                         ./pre_emptive_os/pre_emptive_os.a(timer.o)
                                                  ./pre_emptive_os/pre_emptive_os.a(kernel.o)
up                                                testLedMatrix.o
win                                               testLedMatrix.o
zeroTimer                                         irq/irq_code.a(irq_timer1.o)
                                                  testLedMatrix.o
